Archive member included to satisfy reference by file (symbol)

c:/program files (x86)/atmel/studio/7.0/toolchain/arm/arm-gnu-toolchain/bin/../lib/gcc/arm-none-eabi/6.3.1/../../../../arm-none-eabi/lib/thumb/v7-m\libc.a(lib_a-exit.o)
                              c:/program files (x86)/atmel/studio/7.0/toolchain/arm/arm-gnu-toolchain/bin/../lib/gcc/arm-none-eabi/6.3.1/../../../../arm-none-eabi/lib/thumb/v7-m/crt0.o (exit)
c:/program files (x86)/atmel/studio/7.0/toolchain/arm/arm-gnu-toolchain/bin/../lib/gcc/arm-none-eabi/6.3.1/../../../../arm-none-eabi/lib/thumb/v7-m\libc.a(lib_a-impure.o)
                              c:/program files (x86)/atmel/studio/7.0/toolchain/arm/arm-gnu-toolchain/bin/../lib/gcc/arm-none-eabi/6.3.1/../../../../arm-none-eabi/lib/thumb/v7-m\libc.a(lib_a-exit.o) (_global_impure_ptr)
c:/program files (x86)/atmel/studio/7.0/toolchain/arm/arm-gnu-toolchain/bin/../lib/gcc/arm-none-eabi/6.3.1/../../../../arm-none-eabi/lib/thumb/v7-m\libc.a(lib_a-init.o)
                              c:/program files (x86)/atmel/studio/7.0/toolchain/arm/arm-gnu-toolchain/bin/../lib/gcc/arm-none-eabi/6.3.1/../../../../arm-none-eabi/lib/thumb/v7-m/crt0.o (__libc_init_array)
c:/program files (x86)/atmel/studio/7.0/toolchain/arm/arm-gnu-toolchain/bin/../lib/gcc/arm-none-eabi/6.3.1/../../../../arm-none-eabi/lib/thumb/v7-m\libc.a(lib_a-memset.o)
                              c:/program files (x86)/atmel/studio/7.0/toolchain/arm/arm-gnu-toolchain/bin/../lib/gcc/arm-none-eabi/6.3.1/../../../../arm-none-eabi/lib/thumb/v7-m/crt0.o (memset)
c:/program files (x86)/atmel/studio/7.0/toolchain/arm/arm-gnu-toolchain/bin/../lib/gcc/arm-none-eabi/6.3.1/../../../../arm-none-eabi/lib/thumb/v7-m\libc.a(lib_a-__call_atexit.o)
                              c:/program files (x86)/atmel/studio/7.0/toolchain/arm/arm-gnu-toolchain/bin/../lib/gcc/arm-none-eabi/6.3.1/../../../../arm-none-eabi/lib/thumb/v7-m\libc.a(lib_a-exit.o) (__call_exitprocs)
c:/program files (x86)/atmel/studio/7.0/toolchain/arm/arm-gnu-toolchain/bin/../lib/gcc/arm-none-eabi/6.3.1/../../../../arm-none-eabi/lib/thumb/v7-m\libc.a(lib_a-atexit.o)
                              c:/program files (x86)/atmel/studio/7.0/toolchain/arm/arm-gnu-toolchain/bin/../lib/gcc/arm-none-eabi/6.3.1/../../../../arm-none-eabi/lib/thumb/v7-m\libc.a(lib_a-__call_atexit.o) (atexit)
c:/program files (x86)/atmel/studio/7.0/toolchain/arm/arm-gnu-toolchain/bin/../lib/gcc/arm-none-eabi/6.3.1/../../../../arm-none-eabi/lib/thumb/v7-m\libc.a(lib_a-fini.o)
                              c:/program files (x86)/atmel/studio/7.0/toolchain/arm/arm-gnu-toolchain/bin/../lib/gcc/arm-none-eabi/6.3.1/../../../../arm-none-eabi/lib/thumb/v7-m\libc.a(lib_a-__call_atexit.o) (__libc_fini_array)
c:/program files (x86)/atmel/studio/7.0/toolchain/arm/arm-gnu-toolchain/bin/../lib/gcc/arm-none-eabi/6.3.1/../../../../arm-none-eabi/lib/thumb/v7-m\libc.a(lib_a-lock.o)
                              c:/program files (x86)/atmel/studio/7.0/toolchain/arm/arm-gnu-toolchain/bin/../lib/gcc/arm-none-eabi/6.3.1/../../../../arm-none-eabi/lib/thumb/v7-m\libc.a(lib_a-__call_atexit.o) (__retarget_lock_acquire_recursive)
c:/program files (x86)/atmel/studio/7.0/toolchain/arm/arm-gnu-toolchain/bin/../lib/gcc/arm-none-eabi/6.3.1/../../../../arm-none-eabi/lib/thumb/v7-m\libc.a(lib_a-__atexit.o)
                              c:/program files (x86)/atmel/studio/7.0/toolchain/arm/arm-gnu-toolchain/bin/../lib/gcc/arm-none-eabi/6.3.1/../../../../arm-none-eabi/lib/thumb/v7-m\libc.a(lib_a-atexit.o) (__register_exitproc)

Allocating common symbols
Common symbol       size              file

__lock___atexit_recursive_mutex
                    0x1               c:/program files (x86)/atmel/studio/7.0/toolchain/arm/arm-gnu-toolchain/bin/../lib/gcc/arm-none-eabi/6.3.1/../../../../arm-none-eabi/lib/thumb/v7-m\libc.a(lib_a-lock.o)
__lock___arc4random_mutex
                    0x1               c:/program files (x86)/atmel/studio/7.0/toolchain/arm/arm-gnu-toolchain/bin/../lib/gcc/arm-none-eabi/6.3.1/../../../../arm-none-eabi/lib/thumb/v7-m\libc.a(lib_a-lock.o)
__lock___env_recursive_mutex
                    0x1               c:/program files (x86)/atmel/studio/7.0/toolchain/arm/arm-gnu-toolchain/bin/../lib/gcc/arm-none-eabi/6.3.1/../../../../arm-none-eabi/lib/thumb/v7-m\libc.a(lib_a-lock.o)
__lock___sinit_recursive_mutex
                    0x1               c:/program files (x86)/atmel/studio/7.0/toolchain/arm/arm-gnu-toolchain/bin/../lib/gcc/arm-none-eabi/6.3.1/../../../../arm-none-eabi/lib/thumb/v7-m\libc.a(lib_a-lock.o)
__lock___malloc_recursive_mutex
                    0x1               c:/program files (x86)/atmel/studio/7.0/toolchain/arm/arm-gnu-toolchain/bin/../lib/gcc/arm-none-eabi/6.3.1/../../../../arm-none-eabi/lib/thumb/v7-m\libc.a(lib_a-lock.o)
rx_buffer           0x42              uart/uart.o
__lock___at_quick_exit_mutex
[...]
Memory Configuration

Name             Origin             Length             Attributes
rom              0x00080000         0x00080000         xr
ram              0x20000000         0x00018000         xrw
*default*        0x00000000         0xffffffff

Linker script and memory map

LOAD c:/program files (x86)/atmel/studio/7.0/toolchain/arm/arm-gnu-toolchain/bin/../lib/gcc/arm-none-eabi/6.3.1/thumb/v7-m/crti.o
LOAD c:/program files (x86)/atmel/studio/7.0/toolchain/arm/arm-gnu-toolchain/bin/../lib/gcc/arm-none-eabi/6.3.1/thumb/v7-m/crtbegin.o
LOAD c:/program files (x86)/atmel/studio/7.0/toolchain/arm/arm-gnu-toolchain/bin/../lib/gcc/arm-none-eabi/6.3.1/../../../../arm-none-eabi/lib/thumb/v7-m/crt0.o
LOAD can/can_controller.o
LOAD can/can_interrupt.o
LOAD Device_Startup/startup_sam3xa.o
LOAD Device_Startup/system_sam3xa.o
LOAD main.o
LOAD uart/printf-stdarg.o
LOAD uart/uart.o
START GROUP
LOAD c:/program files (x86)/atmel/studio/7.0/toolchain/arm/arm-gnu-toolchain/bin/../lib/gcc/arm-none-eabi/6.3.1/../../../../arm-none-eabi/lib/thumb/v7-m\libm.a
END GROUP
START GROUP
LOAD c:/program files (x86)/atmel/studio/7.0/toolchain/arm/arm-gnu-toolchain/bin/../lib/gcc/arm-none-eabi/6.3.1/thumb/v7-m\libgcc.a
LOAD c:/program files (x86)/atmel/studio/7.0/toolchain/arm/arm-gnu-toolchain/bin/../lib/gcc/arm-none-eabi/6.3.1/../../../../arm-none-eabi/lib/thumb/v7-m\libc.a
END GROUP
LOAD c:/program files (x86)/atmel/studio/7.0/toolchain/arm/arm-gnu-toolchain/bin/../lib/gcc/arm-none-eabi/6.3.1/thumb/v7-m/crtend.o
LOAD c:/program files (x86)/atmel/studio/7.0/toolchain/arm/arm-gnu-toolchain/bin/../lib/gcc/arm-none-eabi/6.3.1/thumb/v7-m/crtn.o
                0x00000400                STACK_SIZE = DEFINED (STACK_SIZE)?STACK_SIZE:0x400
                0x00000200                HEAP_SIZE = DEFINED (HEAP_SIZE)?HEAP_SIZE:0x200

.text           0x00080000      0xa74
                0x00080000                . = ALIGN (0x4)
                0x00080000                _sfixed = .
 *(.vectors .vectors.*)
 .vectors       0x00080000       0xf4 Device_Startup/startup_sam3xa.o
                0x00080000                exception_table
 *(.text .text.* .gnu.linkonce.t.*)
 .text          0x000800f4       0x6c c:/program files (x86)/atmel/studio/7.0/toolchain/arm/arm-gnu-toolchain/bin/../lib/gcc/arm-none-eabi/6.3.1/thumb/v7-m/crtbegin.o
 .text.can_init
                0x00080160       0xe4 can/can_controller.o
                0x00080160                can_init
 .text.can_init_def_tx_rx_mb
                0x00080244       0x10 can/can_controller.o
                0x00080244                can_init_def_tx_rx_mb
 .text.can_receive
                0x00080254       0x84 can/can_controller.o
                0x00080254                can_receive
 .text.CAN0_Handler
                0x000802d8       0x8c can/can_interrupt.o
                0x000802d8                CAN0_Handler
 .text.Dummy_Handler
                0x00080364        0x2 Device_Startup/startup_sam3xa.o
                0x00080364                DACC_Handler
                0x00080364                DebugMon_Handler
                0x00080364                DMAC_Handler
                0x00080364                TRNG_Handler
                0x00080364                HardFault_Handler
                0x00080364                TC2_Handler
                0x00080364                SysTick_Handler
                0x00080364                USART3_Handler
                0x00080364                TWI1_Handler
                0x00080364                PendSV_Handler
                0x00080364                NMI_Handler
                0x00080364                TC7_Handler
                0x00080364                ADC_Handler
                0x00080364                SMC_Handler
                0x00080364                USART0_Handler
                0x00080364                RTT_Handler
                0x00080364                EFC1_Handler
                0x00080364                PIOB_Handler
                0x00080364                RTC_Handler
                0x00080364                UsageFault_Handler
                0x00080364                TC6_Handler
                0x00080364                WDT_Handler
                0x00080364                TC4_Handler
                0x00080364                TC1_Handler
                0x00080364                HSMCI_Handler
                0x00080364                TC3_Handler
                0x00080364                Dummy_Handler
                0x00080364                TWI0_Handler
                0x00080364                USART1_Handler
                0x00080364                PIOA_Handler
                0x00080364                SSC_Handler
                0x00080364                EFC0_Handler
                0x00080364                PMC_Handler
                0x00080364                PWM_Handler
                0x00080364                CAN1_Handler
                0x00080364                MemManage_Handler
                0x00080364                SUPC_Handler
                0x00080364                SVC_Handler
                0x00080364                TC8_Handler
                0x00080364                USART2_Handler
                0x00080364                PIOD_Handler
                0x00080364                EMAC_Handler
                0x00080364                PIOC_Handler
                0x00080364                BusFault_Handler
                0x00080364                RSTC_Handler
                0x00080364                TC0_Handler
                0x00080364                TC5_Handler
                0x00080364                UOTGHS_Handler
                0x00080364                SPI0_Handler
 *fill*         0x00080366        0x2 
 .text.Reset_Handler
                0x00080368       0x6c Device_Startup/startup_sam3xa.o
                0x00080368                Reset_Handler
 .text.SystemInit
                0x000803d4       0xa4 Device_Startup/system_sam3xa.o
                0x000803d4                SystemInit
 .text.init_LED
                0x00080478       0x2c main.o
                0x00080478                init_LED
 .text.main     0x000804a4       0x38 main.o
                0x000804a4                main
 .text.printchar
                0x000804dc       0x10 uart/printf-stdarg.o
 .text.prints   0x000804ec       0x84 uart/printf-stdarg.o
 .text.printi   0x00080570       0xac uart/printf-stdarg.o
 .text.print    0x0008061c      0x150 uart/printf-stdarg.o
 .text.printf   0x0008076c       0x24 uart/printf-stdarg.o
                0x0008076c                printf
 .text.configure_uart
                0x00080790       0x68 uart/uart.o
                0x00080790                configure_uart
 .text.uart_putchar
                0x000807f8       0x24 uart/uart.o
                0x000807f8                uart_putchar
 .text.UART_Handler
                0x0008081c       0x68 uart/uart.o
                0x0008081c                UART_Handler
 .text.__libc_init_array
                0x00080884       0x50 c:/program files (x86)/atmel/studio/7.0/toolchain/arm/arm-gnu-toolchain/bin/../lib/gcc/arm-none-eabi/6.3.1/../../../../arm-none-eabi/lib/thumb/v7-m\libc.a(lib_a-init.o)
                0x00080884                __libc_init_array
 .text.startup.register_fini
                0x000808d4       0x14 c:/program files (x86)/atmel/studio/7.0/toolchain/arm/arm-gnu-toolchain/bin/../lib/gcc/arm-none-eabi/6.3.1/../../../../arm-none-eabi/lib/thumb/v7-m\libc.a(lib_a-__call_atexit.o)
 .text.atexit   0x000808e8        0xc c:/program files (x86)/atmel/studio/7.0/toolchain/arm/arm-gnu-toolchain/bin/../lib/gcc/arm-none-eabi/6.3.1/../../../../arm-none-eabi/lib/thumb/v7-m\libc.a(lib_a-atexit.o)
                0x000808e8                atexit
 .text.__libc_fini_array
                0x000808f4       0x34 c:/program files (x86)/atmel/studio/7.0/toolchain/arm/arm-gnu-toolchain/bin/../lib/gcc/arm-none-eabi/6.3.1/../../../../arm-none-eabi/lib/thumb/v7-m\libc.a(lib_a-fini.o)
                0x000808f4                __libc_fini_array
 .text.__retarget_lock_acquire_recursive
                0x00080928        0x4 c:/program files (x86)/atmel/studio/7.0/toolchain/arm/arm-gnu-toolchain/bin/../lib/gcc/arm-none-eabi/6.3.1/../../../../arm-none-eabi/lib/thumb/v7-m\libc.a(lib_a-lock.o)
                0x00080928                __retarget_lock_acquire_recursive
 .text.__retarget_lock_release_recursive
                0x0008092c        0x4 c:/program files (x86)/atmel/studio/7.0/toolchain/arm/arm-gnu-toolchain/bin/../lib/gcc/arm-none-eabi/6.3.1/../../../../arm-none-eabi/lib/thumb/v7-m\libc.a(lib_a-lock.o)
                0x0008092c                __retarget_lock_release_recursive
 .text.__register_exitproc
                0x00080930       0xc4 c:/program files (x86)/atmel/studio/7.0/toolchain/arm/arm-gnu-toolchain/bin/../lib/gcc/arm-none-eabi/6.3.1/../../../../arm-none-eabi/lib/thumb/v7-m\libc.a(lib_a-__atexit.o)
                0x00080930                __register_exitproc
 *(.glue_7t)
 .glue_7t       0x000809f4        0x0 linker stubs
 *(.glue_7)
 .glue_7        0x000809f4        0x0 linker stubs
 *(.rodata .rodata* .gnu.linkonce.r.*)
 .rodata.str1.4
                0x000809f4       0x30 can/can_interrupt.o
                                 0x33 (size before relaxing)
 .rodata.str1.4
                0x00080a24        0x7 uart/printf-stdarg.o
 *fill*         0x00080a2b        0x1 
 .rodata.str1.4
                0x00080a2c       0x20 uart/uart.o
                                 0x1e (size before relaxing)
 .rodata._global_impure_ptr
                0x00080a4c        0x4 c:/program files (x86)/atmel/studio/7.0/toolchain/arm/arm-gnu-toolchain/bin/../lib/gcc/arm-none-eabi/6.3.1/../../../../arm-none-eabi/lib/thumb/v7-m\libc.a(lib_a-impure.o)
                0x00080a4c                _global_impure_ptr
 *(.ARM.extab* .gnu.linkonce.armextab.*)
                0x00080a50                . = ALIGN (0x4)
 *(.init)
 .init          0x00080a50        0x4 c:/program files (x86)/atmel/studio/7.0/toolchain/arm/arm-gnu-toolchain/bin/../lib/gcc/arm-none-eabi/6.3.1/thumb/v7-m/crti.o
                0x00080a50                _init
 .init          0x00080a54        0x8 c:/program files (x86)/atmel/studio/7.0/toolchain/arm/arm-gnu-toolchain/bin/../lib/gcc/arm-none-eabi/6.3.1/thumb/v7-m/crtn.o
                0x00080a5c                . = ALIGN (0x4)
                0x00080a5c                __preinit_array_start = .
 *(.preinit_array)
                0x00080a5c                __preinit_array_end = .
                0x00080a5c                . = ALIGN (0x4)
                0x00080a5c                __init_array_start = .
 *(SORT(.init_array.*))
 .init_array.00000
                0x00080a5c        0x4 c:/program files (x86)/atmel/studio/7.0/toolchain/arm/arm-gnu-toolchain/bin/../lib/gcc/arm-none-eabi/6.3.1/../../../../arm-none-eabi/lib/thumb/v7-m\libc.a(lib_a-__call_atexit.o)
 *(.init_array)
 .init_array    0x00080a60        0x4 c:/program files (x86)/atmel/studio/7.0/toolchain/arm/arm-gnu-toolchain/bin/../lib/gcc/arm-none-eabi/6.3.1/thumb/v7-m/crtbegin.o
                0x00080a64                __init_array_end = .
                0x00080a64                . = ALIGN (0x4)
 *crtbegin.o(.ctors)
 *(EXCLUDE_FILE(*crtend.o) .ctors)
 *(SORT(.ctors.*))
 *crtend.o(.ctors)
                0x00080a64                . = ALIGN (0x4)
 *(.fini)
 .fini          0x00080a64        0x4 c:/program files (x86)/atmel/studio/7.0/toolchain/arm/arm-gnu-toolchain/bin/../lib/gcc/arm-none-eabi/6.3.1/thumb/v7-m/crti.o
                0x00080a64                _fini
 .fini          0x00080a68        0x8 c:/program files (x86)/atmel/studio/7.0/toolchain/arm/arm-gnu-toolchain/bin/../lib/gcc/arm-none-eabi/6.3.1/thumb/v7-m/crtn.o
                0x00080a70                . = ALIGN (0x4)
                0x00080a70                __fini_array_start = .
 *(.fini_array)
 .fini_array    0x00080a70        0x4 c:/program files (x86)/atmel/studio/7.0/toolchain/arm/arm-gnu-toolchain/bin/../lib/gcc/arm-none-eabi/6.3.1/thumb/v7-m/crtbegin.o
 *(SORT(.fini_array.*))
                0x00080a74                __fini_array_end = .
 *crtbegin.o(.dtors)
 *(EXCLUDE_FILE(*crtend.o) .dtors)
 *(SORT(.dtors.*))
 *crtend.o(.dtors)
                0x00080a74                . = ALIGN (0x4)
                0x00080a74                _efixed = .
                [!provide]                PROVIDE (__exidx_start, .)

.vfp11_veneer   0x00080a74        0x0
 .vfp11_veneer  0x00080a74        0x0 linker stubs

.v4_bx          0x00080a74        0x0
 .v4_bx         0x00080a74        0x0 linker stubs

.iplt           0x00080a74        0x0
 .iplt          0x00080a74        0x0 c:/program files (x86)/atmel/studio/7.0/toolchain/arm/arm-gnu-toolchain/bin/../lib/gcc/arm-none-eabi/6.3.1/thumb/v7-m/crtbegin.o

.eh_frame       0x00080a74        0x0
 .eh_frame      0x00080a74        0x0 c:/program files (x86)/atmel/studio/7.0/toolchain/arm/arm-gnu-toolchain/bin/../lib/gcc/arm-none-eabi/6.3.1/thumb/v7-m/crtbegin.o

.rel.dyn        0x00080a74        0x0
 .rel.iplt      0x00080a74        0x0 c:/program files (x86)/atmel/studio/7.0/toolchain/arm/arm-gnu-toolchain/bin/../lib/gcc/arm-none-eabi/6.3.1/thumb/v7-m/crtbegin.o

.jcr            0x00080a74        0x0
 .jcr           0x00080a74        0x0 c:/program files (x86)/atmel/studio/7.0/toolchain/arm/arm-gnu-toolchain/bin/../lib/gcc/arm-none-eabi/6.3.1/thumb/v7-m/crtbegin.o

.igot.plt       0x00080a74        0x0
 .igot.plt      0x00080a74        0x0 c:/program files (x86)/atmel/studio/7.0/toolchain/arm/arm-gnu-toolchain/bin/../lib/gcc/arm-none-eabi/6.3.1/thumb/v7-m/crtbegin.o

.ARM.exidx
 *(.ARM.exidx* .gnu.linkonce.armexidx.*)
                [!provide]                PROVIDE (__exidx_end, .)
                0x00080a74                . = ALIGN (0x4)
                0x00080a74                _etext = .

.relocate       0x20000000      0x434 load address 0x00080a74
                0x20000000                . = ALIGN (0x4)
                0x20000000                _srelocate = .
 *(.ramfunc .ramfunc.*)
 *(.data .data.*)
 .data          0x20000000        0x4 Device_Startup/system_sam3xa.o
                0x20000000                SystemCoreClock
 *fill*         0x20000004        0x4 
 .data.impure_data
                0x20000008      0x428 c:/program files (x86)/atmel/studio/7.0/toolchain/arm/arm-gnu-toolchain/bin/../lib/gcc/arm-none-eabi/6.3.1/../../../../arm-none-eabi/lib/thumb/v7-m\libc.a(lib_a-impure.o)
 .data.__atexit_recursive_mutex
                0x20000430        0x4 c:/program files (x86)/atmel/studio/7.0/toolchain/arm/arm-gnu-toolchain/bin/../lib/gcc/arm-none-eabi/6.3.1/../../../../arm-none-eabi/lib/thumb/v7-m\libc.a(lib_a-__call_atexit.o)
                0x20000430                __atexit_recursive_mutex
                0x20000434                . = ALIGN (0x4)
                0x20000434                _erelocate = .

.bss            0x20000434       0x84 load address 0x00080ea8
                0x20000434                . = ALIGN (0x4)
                0x20000434                _sbss = .
                0x20000434                _szero = .
 *(.bss .bss.*)
 .bss           0x20000434       0x1c c:/program files (x86)/atmel/studio/7.0/toolchain/arm/arm-gnu-toolchain/bin/../lib/gcc/arm-none-eabi/6.3.1/thumb/v7-m/crtbegin.o
 *(COMMON)
 COMMON         0x20000450       0x42 uart/uart.o
                0x20000450                rx_buffer
 *fill*         0x20000492        0x2 
 COMMON         0x20000494       0x21 c:/program files (x86)/atmel/studio/7.0/toolchain/arm/arm-gnu-toolchain/bin/../lib/gcc/arm-none-eabi/6.3.1/../../../../arm-none-eabi/lib/thumb/v7-m\libc.a(lib_a-lock.o)
                0x20000494                __lock___atexit_recursive_mutex
                0x20000498                __lock___arc4random_mutex
                0x2000049c                __lock___env_recursive_mutex
                0x200004a0                __lock___sinit_recursive_mutex
                0x200004a4                __lock___malloc_recursive_mutex
                0x200004a8                __lock___at_quick_exit_mutex
                0x200004ac                __lock___dd_hash_mutex
                0x200004b0                __lock___tz_mutex
                0x200004b4                __lock___sfp_recursive_mutex
                0x200004b8                . = ALIGN (0x4)
 *fill*         0x200004b5        0x3 
                0x200004b8                _ebss = .
                0x200004b8                _ezero = .

.stack          0x200004b8      0x400 load address 0x00080f2c
                0x200004b8                . = ALIGN (0x8)
                0x200004b8                _sstack = .
                0x200008b8                . = (. + STACK_SIZE)
 *fill*         0x200004b8      0x400 
                0x200008b8                . = ALIGN (0x8)
                0x200008b8                _estack = .

.heap           0x200008b8      0x200 load address 0x0008132c
                0x200008b8                . = ALIGN (0x8)
                0x200008b8                _sheap = .
                0x20000ab8                . = (. + HEAP_SIZE)
 *fill*         0x200008b8      0x200 
                0x20000ab8                . = ALIGN (0x8)
                0x20000ab8                _eheap = .
                0x20000ab8                . = ALIGN (0x4)
                0x20000ab8                _end = .
                0x20017fff                _ram_end_ = ((ORIGIN (ram) + LENGTH (ram)) - 0x1)
OUTPUT(Arduino2.elf elf32-littlearm)

.ARM.attributes
                0x00000000       0x29
 .ARM.attributes
                0x00000000       0x1d c:/program files (x86)/atmel/studio/7.0/toolchain/arm/arm-gnu-toolchain/bin/../lib/gcc/arm-none-eabi/6.3.1/thumb/v7-m/crti.o
 .ARM.attributes
                0x0000001d       0x2d c:/program files (x86)/atmel/studio/7.0/toolchain/arm/arm-gnu-toolchain/bin/../lib/gcc/arm-none-eabi/6.3.1/thumb/v7-m/crtbegin.o
 .ARM.attributes
                0x0000004a       0x33 can/can_controller.o
 .ARM.attributes
                0x0000007d       0x33 can/can_interrupt.o
 .ARM.attributes
                0x000000b0       0x33 Device_Startup/startup_sam3xa.o
 .ARM.attributes
                0x000000e3       0x33 Device_Startup/system_sam3xa.o
 .ARM.attributes
                0x00000116       0x33 main.o
 .ARM.attributes
                0x00000149       0x33 uart/printf-stdarg.o
 .ARM.attributes
                0x0000017c       0x33 uart/uart.o
 .ARM.attributes
                0x000001af       0x2d c:/program files (x86)/atmel/studio/7.0/toolchain/arm/arm-gnu-toolchain/bin/../lib/gcc/arm-none-eabi/6.3.1/../../../../arm-none-eabi/lib/thumb/v7-m\libc.a(lib_a-impure.o)
 .ARM.attributes
                0x000001dc       0x2d c:/program files (x86)/atmel/studio/7.0/toolchain/arm/arm-gnu-toolchain/bin/../lib/gcc/arm-none-eabi/6.3.1/../../../../arm-none-eabi/lib/thumb/v7-m\libc.a(lib_a-init.o)
 .ARM.attributes
                0x00000209       0x2d c:/program files (x86)/atmel/studio/7.0/toolchain/arm/arm-gnu-toolchain/bin/../lib/gcc/arm-none-eabi/6.3.1/../../../../arm-none-eabi/lib/thumb/v7-m\libc.a(lib_a-__call_atexit.o)
 .ARM.attributes
                0x00000236       0x2d c:/program files (x86)/atmel/studio/7.0/toolchain/arm/arm-gnu-toolchain/bin/../lib/gcc/arm-none-eabi/6.3.1/../../../../arm-none-eabi/lib/thumb/v7-m\libc.a(lib_a-atexit.o)
 .ARM.attributes
                0x00000263       0x2d c:/program files (x86)/atmel/studio/7.0/toolchain/arm/arm-gnu-toolchain/bin/../lib/gcc/arm-none-eabi/6.3.1/../../../../arm-none-eabi/lib/thumb/v7-m\libc.a(lib_a-fini.o)
 .ARM.attributes
                0x00000290       0x2d c:/program files (x86)/atmel/studio/7.0/toolchain/arm/arm-gnu-toolchain/bin/../lib/gcc/arm-none-eabi/6.3.1/../../../../arm-none-eabi/lib/thumb/v7-m\libc.a(lib_a-lock.o)
 .ARM.attributes
                0x000002bd       0x2d c:/program files (x86)/atmel/studio/7.0/toolchain/arm/arm-gnu-toolchain/bin/../lib/gcc/arm-none-eabi/6.3.1/../../../../arm-none-eabi/lib/thumb/v7-m\libc.a(lib_a-__atexit.o)
 .ARM.attributes
                0x000002ea       0x1d c:/program files (x86)/atmel/studio/7.0/toolchain/arm/arm-gnu-toolchain/bin/../lib/gcc/arm-none-eabi/6.3.1/thumb/v7-m/crtn.o

.comment        0x00000000       0x59
 .comment       0x00000000       0x59 can/can_controller.o
                                 0x5a (size before relaxing)
 .comment       0x00000059       0x5a can/can_interrupt.o
 .comment       0x00000059       0x5a Device_Startup/startup_sam3xa.o
 .comment       0x00000059       0x5a Device_Startup/system_sam3xa.o
 .comment       0x00000059       0x5a main.o
 .comment       0x00000059       0x5a uart/printf-stdarg.o
 .comment       0x00000059       0x5a uart/uart.o

.debug_info     0x00000000     0x3c6b
 .debug_info    0x00000000      0xd68 can/can_controller.o
 .debug_info    0x00000d68      0xfc1 can/can_interrupt.o
 .debug_info    0x00001d29      0x74e Device_Startup/startup_sam3xa.o
 .debug_info    0x00002477      0x444 Device_Startup/system_sam3xa.o
 .debug_info    0x000028bb      0x15a main.o
 .debug_info    0x00002a15      0x60b uart/printf-stdarg.o
 .debug_info    0x00003020      0xc4b uart/uart.o

.debug_abbrev   0x00000000      0xbbe
 .debug_abbrev  0x00000000      0x212 can/can_controller.o
 .debug_abbrev  0x00000212      0x2bb can/can_interrupt.o
 .debug_abbrev  0x000004cd      0x153 Device_Startup/startup_sam3xa.o
 .debug_abbrev  0x00000620      0x102 Device_Startup/system_sam3xa.o
 .debug_abbrev  0x00000722       0xcd main.o
 .debug_abbrev  0x000007ef      0x194 uart/printf-stdarg.o
 .debug_abbrev  0x00000983      0x23b uart/uart.o

.debug_loc      0x00000000      0xd60
 .debug_loc     0x00000000      0x2b5 can/can_controller.o
 .debug_loc     0x000002b5       0x73 can/can_interrupt.o
 .debug_loc     0x00000328       0x78 Device_Startup/startup_sam3xa.o
 .debug_loc     0x000003a0       0x20 main.o
 .debug_loc     0x000003c0      0x8d2 uart/printf-stdarg.o
 .debug_loc     0x00000c92       0xce uart/uart.o

.debug_aranges  0x00000000      0x160
 .debug_aranges
                0x00000000       0x38 can/can_controller.o
 .debug_aranges
                0x00000038       0x20 can/can_interrupt.o
 .debug_aranges
                0x00000058       0x28 Device_Startup/startup_sam3xa.o
 .debug_aranges
                0x00000080       0x30 Device_Startup/system_sam3xa.o
 .debug_aranges
                0x000000b0       0x28 main.o
 .debug_aranges
                0x000000d8       0x50 uart/printf-stdarg.o
 .debug_aranges
                0x00000128       0x38 uart/uart.o

.debug_ranges   0x00000000      0x120
 .debug_ranges  0x00000000       0x28 can/can_controller.o
 .debug_ranges  0x00000028       0x28 can/can_interrupt.o
 .debug_ranges  0x00000050       0x18 Device_Startup/startup_sam3xa.o
 .debug_ranges  0x00000068       0x20 Device_Startup/system_sam3xa.o
 .debug_ranges  0x00000088       0x18 main.o
 .debug_ranges  0x000000a0       0x58 uart/printf-stdarg.o
 .debug_ranges  0x000000f8       0x28 uart/uart.o

.debug_macro    0x00000000    0x11d42
 .debug_macro   0x00000000      0x37f can/can_controller.o
 .debug_macro   0x0000037f      0x8b0 can/can_controller.o
 .debug_macro   0x00000c2f       0x22 can/can_controller.o
 .debug_macro   0x00000c51       0x87 can/can_controller.o
 .debug_macro   0x00000cd8       0x51 can/can_controller.o
 .debug_macro   0x00000d29       0xef can/can_controller.o
 .debug_macro   0x00000e18       0x6a can/can_controller.o
 .debug_macro   0x00000e82      0x1df can/can_controller.o
 .debug_macro   0x00001061       0x26 can/can_controller.o
 .debug_macro   0x00001087       0x1c can/can_controller.o
 .debug_macro   0x000010a3       0x22 can/can_controller.o
 .debug_macro   0x000010c5       0xc3 can/can_controller.o
 .debug_macro   0x00001188      0xe49 can/can_controller.o
 .debug_macro   0x00001fd1      0x11f can/can_controller.o
 .debug_macro   0x000020f0      0xa7d can/can_controller.o
 .debug_macro   0x00002b6d      0x55a can/can_controller.o
 .debug_macro   0x000030c7      0x1a8 can/can_controller.o
 .debug_macro   0x0000326f      0x30b can/can_controller.o
 .debug_macro   0x0000357a      0x709 can/can_controller.o
 .debug_macro   0x00003c83       0xd6 can/can_controller.o
 .debug_macro   0x00003d59      0x56c can/can_controller.o
 .debug_macro   0x000042c5       0x1c can/can_controller.o
 .debug_macro   0x000042e1      0x678 can/can_controller.o
 .debug_macro   0x00004959      0x51e can/can_controller.o
 .debug_macro   0x00004e77       0xbe can/can_controller.o
 .debug_macro   0x00004f35     0x2333 can/can_controller.o
 .debug_macro   0x00007268      0x7d1 can/can_controller.o
 .debug_macro   0x00007a39      0xdbb can/can_controller.o
 .debug_macro   0x000087f4       0x9a can/can_controller.o
 .debug_macro   0x0000888e      0x29c can/can_controller.o
 .debug_macro   0x00008b2a       0x58 can/can_controller.o
 .debug_macro   0x00008b82      0x999 can/can_controller.o
 .debug_macro   0x0000951b      0x22d can/can_controller.o
 .debug_macro   0x00009748      0x4b4 can/can_controller.o
 .debug_macro   0x00009bfc      0x64a can/can_controller.o
 .debug_macro   0x0000a246      0x590 can/can_controller.o
 .debug_macro   0x0000a7d6       0x46 can/can_controller.o
 .debug_macro   0x0000a81c      0x33f can/can_controller.o
 .debug_macro   0x0000ab5b      0x27e can/can_controller.o
 .debug_macro   0x0000add9     0x14dc can/can_controller.o
 .debug_macro   0x0000c2b5      0x7cf can/can_controller.o
 .debug_macro   0x0000ca84       0x76 can/can_controller.o
 .debug_macro   0x0000cafa       0x82 can/can_controller.o
 .debug_macro   0x0000cb7c       0x76 can/can_controller.o
 .debug_macro   0x0000cbf2       0x4c can/can_controller.o
 .debug_macro   0x0000cc3e      0x100 can/can_controller.o
 .debug_macro   0x0000cd3e      0x100 can/can_controller.o
 .debug_macro   0x0000ce3e      0x100 can/can_controller.o
 .debug_macro   0x0000cf3e       0x88 can/can_controller.o
 .debug_macro   0x0000cfc6       0x88 can/can_controller.o
 .debug_macro   0x0000d04e      0x3b4 can/can_controller.o
 .debug_macro   0x0000d402       0xbe can/can_controller.o
 .debug_macro   0x0000d4c0       0xbe can/can_controller.o
 .debug_macro   0x0000d57e       0xbe can/can_controller.o
 .debug_macro   0x0000d63c       0xbe can/can_controller.o
 .debug_macro   0x0000d6fa      0x2b8 can/can_controller.o
 .debug_macro   0x0000d9b2      0x118 can/can_controller.o
 .debug_macro   0x0000daca      0x216 can/can_controller.o
 .debug_macro   0x0000dce0      0x216 can/can_controller.o
 .debug_macro   0x0000def6       0x2e can/can_controller.o
 .debug_macro   0x0000df24       0xac can/can_controller.o
 .debug_macro   0x0000dfd0      0x13e can/can_controller.o
 .debug_macro   0x0000e10e       0x7c can/can_controller.o
 .debug_macro   0x0000e18a      0x1f6 can/can_controller.o
 .debug_macro   0x0000e380       0x64 can/can_controller.o
 .debug_macro   0x0000e3e4       0xa6 can/can_controller.o
 .debug_macro   0x0000e48a       0x7c can/can_controller.o
 .debug_macro   0x0000e506       0x16 can/can_controller.o
 .debug_macro   0x0000e51c       0x22 can/can_controller.o
 .debug_macro   0x0000e53e       0x22 can/can_controller.o
 .debug_macro   0x0000e560      0x10c can/can_controller.o
 .debug_macro   0x0000e66c      0x10c can/can_controller.o
 .debug_macro   0x0000e778      0x10c can/can_controller.o
 .debug_macro   0x0000e884      0x10c can/can_controller.o
 .debug_macro   0x0000e990       0x1c can/can_controller.o
 .debug_macro   0x0000e9ac       0x2e can/can_controller.o
 .debug_macro   0x0000e9da       0x22 can/can_controller.o
 .debug_macro   0x0000e9fc       0x1c can/can_controller.o
 .debug_macro   0x0000ea18       0x58 can/can_controller.o
 .debug_macro   0x0000ea70       0x10 can/can_controller.o
 .debug_macro   0x0000ea80      0x27a can/can_controller.o
 .debug_macro   0x0000ecfa      0xd34 can/can_controller.o
 .debug_macro   0x0000fa2e      0x170 can/can_controller.o
 .debug_macro   0x0000fb9e      0x4dd can/can_interrupt.o
 .debug_macro   0x0001007b       0x52 can/can_interrupt.o
 .debug_macro   0x000100cd       0x8d can/can_interrupt.o
 .debug_macro   0x0001015a       0x35 can/can_interrupt.o
 .debug_macro   0x0001018f       0x9c can/can_interrupt.o
 .debug_macro   0x0001022b       0x16 can/can_interrupt.o
 .debug_macro   0x00010241       0x57 can/can_interrupt.o
 .debug_macro   0x00010298       0x97 can/can_interrupt.o
 .debug_macro   0x0001032f      0x353 can/can_interrupt.o
 .debug_macro   0x00010682       0xf6 can/can_interrupt.o
 .debug_macro   0x00010778       0x10 can/can_interrupt.o
 .debug_macro   0x00010788       0x58 can/can_interrupt.o
 .debug_macro   0x000107e0       0x1f can/can_interrupt.o
 .debug_macro   0x000107ff       0x43 can/can_interrupt.o
 .debug_macro   0x00010842       0x20 can/can_interrupt.o
 .debug_macro   0x00010862      0x187 can/can_interrupt.o
 .debug_macro   0x000109e9       0x10 can/can_interrupt.o
 .debug_macro   0x000109f9       0x1c can/can_interrupt.o
 .debug_macro   0x00010a15       0x52 can/can_interrupt.o
 .debug_macro   0x00010a67       0x40 can/can_interrupt.o
 .debug_macro   0x00010aa7       0x10 can/can_interrupt.o
 .debug_macro   0x00010ab7       0x40 can/can_interrupt.o
 .debug_macro   0x00010af7       0xd7 can/can_interrupt.o
 .debug_macro   0x00010bce       0x16 can/can_interrupt.o
 .debug_macro   0x00010be4      0x18b can/can_interrupt.o
 .debug_macro   0x00010d6f       0x20 can/can_interrupt.o
 .debug_macro   0x00010d8f       0xbd can/can_interrupt.o
 .debug_macro   0x00010e4c      0x371 Device_Startup/startup_sam3xa.o
 .debug_macro   0x000111bd      0x383 Device_Startup/system_sam3xa.o
 .debug_macro   0x00011540      0x398 main.o
 .debug_macro   0x000118d8       0x10 main.o
 .debug_macro   0x000118e8       0x8e uart/printf-stdarg.o
 .debug_macro   0x00011976       0x58 uart/printf-stdarg.o
 .debug_macro   0x000119ce      0x374 uart/uart.o

.debug_line     0x00000000     0x31cd
 .debug_line    0x00000000      0x7ef can/can_controller.o
 .debug_line    0x000007ef      0x897 can/can_interrupt.o
 .debug_line    0x00001086      0x728 Device_Startup/startup_sam3xa.o
 .debug_line    0x000017ae      0x785 Device_Startup/system_sam3xa.o
 .debug_line    0x00001f33      0x760 main.o
 .debug_line    0x00002693      0x3ce uart/printf-stdarg.o
 .debug_line    0x00002a61      0x76c uart/uart.o

.debug_str      0x00000000    0x54f83
 .debug_str     0x00000000    0x50511 can/can_controller.o
                              0x506e6 (size before relaxing)
 .debug_str     0x00050511     0x40cd can/can_interrupt.o
                              0x5450c (size before relaxing)
 .debug_str     0x000545de      0x548 Device_Startup/startup_sam3xa.o
                              0x504b7 (size before relaxing)
 .debug_str     0x00054b26      0x195 Device_Startup/system_sam3xa.o
                              0x5024a (size before relaxing)
 .debug_str     0x00054cbb       0x45 main.o
                              0x50022 (size before relaxing)
 .debug_str     0x00054d00      0x17d uart/printf-stdarg.o
                               0x3640 (size before relaxing)
 .debug_str     0x00054e7d      0x106 uart/uart.o
                              0x50697 (size before relaxing)

.debug_frame    0x00000000      0x49c
 .debug_frame   0x00000000       0x80 can/can_controller.o
 .debug_frame   0x00000080       0x30 can/can_interrupt.o
 .debug_frame   0x000000b0       0x38 Device_Startup/startup_sam3xa.o
 .debug_frame   0x000000e8       0x40 Device_Startup/system_sam3xa.o
 .debug_frame   0x00000128       0x38 main.o
 .debug_frame   0x00000160      0x124 uart/printf-stdarg.o
 .debug_frame   0x00000284       0x58 uart/uart.o
 .debug_frame   0x000002dc       0x2c c:/program files (x86)/atmel/studio/7.0/toolchain/arm/arm-gnu-toolchain/bin/../lib/gcc/arm-none-eabi/6.3.1/../../../../arm-none-eabi/lib/thumb/v7-m\libc.a(lib_a-init.o)
 .debug_frame   0x00000308       0x5c c:/program files (x86)/atmel/studio/7.0/toolchain/arm/arm-gnu-toolchain/bin/../lib/gcc/arm-none-eabi/6.3.1/../../../../arm-none-eabi/lib/thumb/v7-m\libc.a(lib_a-__call_atexit.o)
 .debug_frame   0x00000364       0x20 c:/program files (x86)/atmel/studio/7.0/toolchain/arm/arm-gnu-toolchain/bin/../lib/gcc/arm-none-eabi/6.3.1/../../../../arm-none-eabi/lib/thumb/v7-m\libc.a(lib_a-atexit.o)
 .debug_frame   0x00000384       0x34 c:/program files (x86)/atmel/studio/7.0/toolchain/arm/arm-gnu-toolchain/bin/../lib/gcc/arm-none-eabi/6.3.1/../../../../arm-none-eabi/lib/thumb/v7-m\libc.a(lib_a-fini.o)
 .debug_frame   0x000003b8       0xb0 c:/program files (x86)/atmel/studio/7.0/toolchain/arm/arm-gnu-toolchain/bin/../lib/gcc/arm-none-eabi/6.3.1/../../../../arm-none-eabi/lib/thumb/v7-m\libc.a(lib_a-lock.o)
 .debug_frame   0x00000468       0x34 c:/program files (x86)/atmel/studio/7.0/toolchain/arm/arm-gnu-toolchain/bin/../lib/gcc/arm-none-eabi/6.3.1/../../../../arm-none-eabi/lib/thumb/v7-m\libc.a(lib_a-__atexit.o)
